../Core/Src/main.c:97:6:microDelay	16	static
../Core/Src/main.c:103:9:DHT22_Start	32	static
../Core/Src/main.c:134:9:DHT22_Read	16	static
../Core/Src/main.c:210:10:get_temperature_sensor	24	static
../Core/Src/main.c:167:5:main	16	static
../Core/Src/main.c:242:6:current_sensor	48	static
../Core/Src/main.c:294:12:voltage_sensor	40	static
../Core/Src/main.c:309:7:uart_uint16_transmit	56	static
../Core/Src/main.c:318:7:uart_current_transmit	64	static
../Core/Src/main.c:380:6:SystemClock_Config	88	static
../Core/Src/main.c:422:13:MX_ADC1_Init	24	static
../Core/Src/main.c:492:13:MX_TIM1_Init	32	static
../Core/Src/main.c:538:13:MX_USART6_UART_Init	8	static
../Core/Src/main.c:569:13:MX_DMA_Init	16	static
../Core/Src/main.c:590:13:MX_GPIO_Init	48	static
../Core/Src/main.c:614:6:HAL_UART_RxCpltCallback	48	static
../Core/Src/main.c:679:6:Error_Handler	4	static,ignoring_inline_asm
