16:26:58 **** Incremental Build of configuration Debug for project ACS712 current sensor ****
make -j8 all 
arm-none-eabi-gcc "../Core/Src/main.c" -mcpu=cortex-m4 -std=gnu11 -g3 -DDEBUG -DUSE_HAL_DRIVER -DSTM32F401xE -c -I../Core/Inc -I../Drivers/STM32F4xx_HAL_Driver/Inc -I../Drivers/STM32F4xx_HAL_Driver/Inc/Legacy -I../Drivers/CMSIS/Device/ST/STM32F4xx/Include -I../Drivers/CMSIS/Include -O0 -ffunction-sections -fdata-sections -Wall -fstack-usage -MMD -MP -MF"Core/Src/main.d" -MT"Core/Src/main.o" --specs=nano.specs -mfpu=fpv4-sp-d16 -mfloat-abi=hard -mthumb -o "Core/Src/main.o"
arm-none-eabi-gcc -o "ACS712 current sensor.elf" @"objects.list"   -mcpu=cortex-m4 -T"E:\STM microcontroller\GitHub\BMS-for-Electric-Vehicles-\BMS\STM32\ACS712 current sensor\STM32F401RETX_FLASH.ld" --specs=nosys.specs -Wl,-Map="ACS712 current sensor.map" -Wl,--gc-sections -static --specs=nano.specs -mfpu=fpv4-sp-d16 -mfloat-abi=hard -mthumb -Wl,--start-group -lc -lm -Wl,--end-group
Finished building target: ACS712 current sensor.elf
 
arm-none-eabi-size   ACS712\ current\ sensor.elf 
arm-none-eabi-objdump -h -S  ACS712\ current\ sensor.elf  > "ACS712 current sensor.list"
   text	   data	    bss	    dec	    hex	filename
  10112	     24	   1656	  11792	   2e10	ACS712 current sensor.elf
Finished building: default.size.stdout
 
Finished building: ACS712 current sensor.list
 

16:27:02 Build Finished. 0 errors, 0 warnings. (took 3s.904ms)

