14:24:13 **** Build of configuration Debug for project STM32_ECU ****
make -j8 all 
arm-none-eabi-gcc "../Core/Src/main.c" -mcpu=cortex-m4 -std=gnu11 -g3 -DDEBUG -DUSE_HAL_DRIVER -DSTM32F411xE -c -I../Core/Inc -I../Drivers/STM32F4xx_HAL_Driver/Inc -I../Drivers/STM32F4xx_HAL_Driver/Inc/Legacy -I../Drivers/CMSIS/Device/ST/STM32F4xx/Include -I../Drivers/CMSIS/Include -O0 -ffunction-sections -fdata-sections -Wall -fstack-usage -MMD -MP -MF"Core/Src/main.d" -MT"Core/Src/main.o" --specs=nano.specs -mfpu=fpv4-sp-d16 -mfloat-abi=hard -mthumb -o "Core/Src/main.o"
../Core/Src/main.c: In function 'current_sensor':
../Core/Src/main.c:116:9: warning: unused variable 'current_sensor_error' [-Wunused-variable]
  116 |   float current_sensor_error;
      |         ^~~~~~~~~~~~~~~~~~~~
arm-none-eabi-g++ -o "STM32_ECU.elf" @"objects.list"   -mcpu=cortex-m4 -T"E:\Masterarbeit\BMS-for-Electric-Vehicles-\ECU_STM32\STM32_ECU\STM32F411VETX_FLASH.ld" --specs=nosys.specs -Wl,-Map="STM32_ECU.map" -Wl,--gc-sections -static --specs=nano.specs -mfpu=fpv4-sp-d16 -mfloat-abi=hard -mthumb -Wl,--start-group -lc -lm -lstdc++ -lsupc++ -Wl,--end-group
Finished building target: STM32_ECU.elf
 
arm-none-eabi-size   STM32_ECU.elf 
arm-none-eabi-objdump -h -S  STM32_ECU.elf  > "STM32_ECU.list"
   text	   data	    bss	    dec	    hex	filename
  18304	    120	   1960	  20384	   4fa0	STM32_ECU.elf
Finished building: default.size.stdout
 
Finished building: STM32_ECU.list
 

14:24:14 Build Finished. 0 errors, 1 warnings. (took 749ms)

