11:18:11 **** Incremental Build of configuration Debug for project STM32_ECU ****
make -j8 all 
arm-none-eabi-gcc "../Core/Src/main.c" -mcpu=cortex-m4 -std=gnu11 -g3 -DDEBUG -DUSE_HAL_DRIVER -DSTM32F411xE -c -I../Core/Inc -I../Drivers/STM32F4xx_HAL_Driver/Inc -I../Drivers/STM32F4xx_HAL_Driver/Inc/Legacy -I../Drivers/CMSIS/Device/ST/STM32F4xx/Include -I../Drivers/CMSIS/Include -O0 -ffunction-sections -fdata-sections -Wall -fstack-usage -MMD -MP -MF"Core/Src/main.d" -MT"Core/Src/main.o" --specs=nano.specs -mfpu=fpv4-sp-d16 -mfloat-abi=hard -mthumb -o "Core/Src/main.o"
../Core/Src/main.c: In function 'voltage_sensor':
../Core/Src/main.c:116:12: warning: unused variable 'ADC_error' [-Wunused-variable]
  116 |   uint16_t ADC_error = 250;
      |            ^~~~~~~~~
At top level:
../Core/Src/main.c:106:7: warning: 'led_blinking' defined but not used [-Wunused-function]
  106 |  void led_blinking ()
      |       ^~~~~~~~~~~~
arm-none-eabi-g++ -o "STM32_ECU.elf" @"objects.list"   -mcpu=cortex-m4 -T"E:\Masterarbeit\BMS-for-Electric-Vehicles-\ECU_STM32\STM32_ECU\STM32F411VETX_FLASH.ld" --specs=nosys.specs -Wl,-Map="STM32_ECU.map" -Wl,--gc-sections -static --specs=nano.specs -mfpu=fpv4-sp-d16 -mfloat-abi=hard -mthumb -Wl,--start-group -lc -lm -lstdc++ -lsupc++ -Wl,--end-group
Finished building target: STM32_ECU.elf
 
arm-none-eabi-size   STM32_ECU.elf 
arm-none-eabi-objdump -h -S  STM32_ECU.elf  > "STM32_ECU.list"
   text	   data	    bss	    dec	    hex	filename
  17712	    120	   1936	  19768	   4d38	STM32_ECU.elf
Finished building: default.size.stdout
 
Finished building: STM32_ECU.list
 

11:18:12 Build Finished. 0 errors, 2 warnings. (took 599ms)

