09:38:20 **** Incremental Build of configuration Debug for project LedAndPushButton ****
make -j8 all 
arm-none-eabi-gcc "../Core/Src/main.c" -mcpu=cortex-m4 -std=gnu11 -g3 -DDEBUG -DUSE_HAL_DRIVER -DSTM32F401xE -c -I../Core/Inc -I../Drivers/STM32F4xx_HAL_Driver/Inc -I../Drivers/STM32F4xx_HAL_Driver/Inc/Legacy -I../Drivers/CMSIS/Device/ST/STM32F4xx/Include -I../Drivers/CMSIS/Include -O0 -ffunction-sections -fdata-sections -Wall -fstack-usage -MMD -MP -MF"Core/Src/main.d" -MT"Core/Src/main.o" --specs=nano.specs -mfpu=fpv4-sp-d16 -mfloat-abi=hard -mthumb -o "Core/Src/main.o"
arm-none-eabi-gcc -o "LedAndPushButton.elf" @"objects.list"   -mcpu=cortex-m4 -T"E:\STM microcontroller\GitHub\BMS-for-Electric-Vehicles-\BMS\LedAndPushButton\STM32F401RETX_FLASH.ld" --specs=nosys.specs -Wl,-Map="LedAndPushButton.map" -Wl,--gc-sections -static --specs=nano.specs -mfpu=fpv4-sp-d16 -mfloat-abi=hard -mthumb -Wl,--start-group -lc -lm -Wl,--end-group
Finished building target: LedAndPushButton.elf
 
arm-none-eabi-size   LedAndPushButton.elf 
arm-none-eabi-objdump -h -S  LedAndPushButton.elf  > "LedAndPushButton.list"
arm-none-eabi-objcopy  -O ihex  LedAndPushButton.elf  "LedAndPushButton.hex"
   text	   data	    bss	    dec	    hex	filename
   5796	     20	   1572	   7388	   1cdc	LedAndPushButton.elf
arm-none-eabi-objcopy  -O binary  LedAndPushButton.elf  "LedAndPushButton.bin"
Finished building: default.size.stdout
 
Finished building: LedAndPushButton.hex
Finished building: LedAndPushButton.list
Finished building: LedAndPushButton.bin
 
 
 
09:38:27 **** Incremental Build of configuration Debug for project LedAndPushButton ****
make -j8 all 
arm-none-eabi-size   LedAndPushButton.elf 
   text	   data	    bss	    dec	    hex	filename
   5796	     20	   1572	   7388	   1cdc	LedAndPushButton.elf
Finished building: default.size.stdout
 
