15:47:54 **** Incremental Build of configuration Debug for project LED and Pushbotton ****
make -j8 all 
arm-none-eabi-gcc "../Core/Src/main.c" -mcpu=cortex-m4 -std=gnu11 -g3 -DDEBUG -DUSE_HAL_DRIVER -DSTM32F401xE -c -I../Core/Inc -I../Drivers/STM32F4xx_HAL_Driver/Inc -I../Drivers/STM32F4xx_HAL_Driver/Inc/Legacy -I../Drivers/CMSIS/Device/ST/STM32F4xx/Include -I../Drivers/CMSIS/Include -O0 -ffunction-sections -fdata-sections -Wall -fstack-usage -MMD -MP -MF"Core/Src/main.d" -MT"Core/Src/main.o" --specs=nano.specs -mfpu=fpv4-sp-d16 -mfloat-abi=hard -mthumb -o "Core/Src/main.o"
arm-none-eabi-gcc -o "LED and Pushbotton.elf" @"objects.list"   -mcpu=cortex-m4 -T"E:\STM microcontroller\GitHub\BMS-for-Electric-Vehicles-\BMS\LED and Pushbotton\STM32F401RETX_FLASH.ld" --specs=nosys.specs -Wl,-Map="LED and Pushbotton.map" -Wl,--gc-sections -static --specs=nano.specs -mfpu=fpv4-sp-d16 -mfloat-abi=hard -mthumb -Wl,--start-group -lc -lm -Wl,--end-group
Finished building target: LED and Pushbotton.elf
 
arm-none-eabi-size   LED\ and\ Pushbotton.elf 
arm-none-eabi-objdump -h -S  LED\ and\ Pushbotton.elf  > "LED and Pushbotton.list"
arm-none-eabi-objcopy  -O ihex  LED\ and\ Pushbotton.elf  "LED and Pushbotton.hex"
   text	   data	    bss	    dec	    hex	filename
   5796	     20	   1572	   7388	   1cdc	LED and Pushbotton.elf
Finished building: default.size.stdout
 
Finished building: LED and Pushbotton.hex
Finished building: LED and Pushbotton.list
 
 

15:47:55 Build Finished. 0 errors, 0 warnings. (took 497ms)

