09:29:33 **** Incremental Build of configuration Debug for project LED and Push button ****
make -j8 all 
arm-none-eabi-gcc -o "LED and Push button.elf" @"objects.list"   -mcpu=cortex-m4 -T"E:\STM microcontroller\GitHub\BMS-for-Electric-Vehicles-\BMS\LED and Push Button\STM32F401RETX_FLASH.ld" --specs=nosys.specs -Wl,-Map="LED and Push button.map" -Wl,--gc-sections -static --specs=nano.specs -mfpu=fpv4-sp-d16 -mfloat-abi=hard -mthumb -Wl,--start-group -lc -lm -Wl,--end-group
Finished building target: LED and Push button.elf
 
arm-none-eabi-size   LED\ and\ Push\ button.elf 
arm-none-eabi-objdump -h -S  LED\ and\ Push\ button.elf  > "LED and Push button.list"
   text	   data	    bss	    dec	    hex	filename
   5796	     20	   1572	   7388	   1cdc	LED and Push button.elf
arm-none-eabi-objcopy  -O ihex  LED\ and\ Push\ button.elf  "LED and Push button.hex"
arm-none-eabi-objcopy  -O binary  LED\ and\ Push\ button.elf  "LED and Push button.bin"
Finished building: default.size.stdout
 
Finished building: LED and Push button.hex
Finished building: LED and Push button.list
Finished building: LED and Push button.bin
 
 
 

09:29:33 Build Finished. 0 errors, 0 warnings. (took 500ms)

