13:08:25 **** Incremental Build of configuration Debug for project Voltage Sensor ****
make -j8 all 
arm-none-eabi-gcc "../Core/Src/main.c" -mcpu=cortex-m4 -std=gnu11 -g3 -DDEBUG -DUSE_HAL_DRIVER -DSTM32F401xE -c -I../Core/Inc -I../Drivers/STM32F4xx_HAL_Driver/Inc -I../Drivers/STM32F4xx_HAL_Driver/Inc/Legacy -I../Drivers/CMSIS/Device/ST/STM32F4xx/Include -I../Drivers/CMSIS/Include -O0 -ffunction-sections -fdata-sections -Wall -fstack-usage -MMD -MP -MF"Core/Src/main.d" -MT"Core/Src/main.o" --specs=nano.specs -mfpu=fpv4-sp-d16 -mfloat-abi=hard -mthumb -o "Core/Src/main.o"
../Core/Src/main.c: In function 'main':
../Core/Src/main.c:113:6: warning: "/*" within comment [-Wcomment]
  113 |      /*  for (i = 0 ; i < 4 ; i++){
      |       
../Core/Src/main.c:117:8: warning: implicit declaration of function 'sprintf' [-Wimplicit-function-declaration]
  117 |        sprintf(MSG, "%u", voltageToSend);
      |        ^~~~~~~
../Core/Src/main.c:117:8: warning: incompatible implicit declaration of built-in function 'sprintf'
../Core/Src/main.c:21:1: note: include '<stdio.h>' or provide a declaration of 'sprintf'
   20 | #include "main.h"
  +++ |+#include <stdio.h>
   21 | 
../Core/Src/main.c:117:16: warning: passing argument 1 of 'sprintf' from incompatible pointer type [-Wincompatible-pointer-types]
  117 |        sprintf(MSG, "%u", voltageToSend);
      |                ^~~
      |                |
      |                uint16_t * {aka short unsigned int *}
../Core/Src/main.c:117:16: note: expected 'char *' but argument is of type 'uint16_t *' {aka 'short unsigned int *'}
arm-none-eabi-gcc -o "Voltage Sensor.elf" @"objects.list"   -mcpu=cortex-m4 -T"E:\STM microcontroller\GitHub\BMS-for-Electric-Vehicles-\BMS\Voltage Sensor\STM32F401RETX_FLASH.ld" --specs=nosys.specs -Wl,-Map="Voltage Sensor.map" -Wl,--gc-sections -static --specs=nano.specs -mfpu=fpv4-sp-d16 -mfloat-abi=hard -mthumb -Wl,--start-group -lc -lm -Wl,--end-group
Finished building target: Voltage Sensor.elf
 
arm-none-eabi-size   Voltage\ Sensor.elf 
arm-none-eabi-objdump -h -S  Voltage\ Sensor.elf  > "Voltage Sensor.list"
   text	   data	    bss	    dec	    hex	filename
  15116	    120	   1744	  16980	   4254	Voltage Sensor.elf
Finished building: default.size.stdout
 
Finished building: Voltage Sensor.list
 

13:08:25 Build Finished. 0 errors, 4 warnings. (took 528ms)

